error: The `try_from` and `from` attributes can't be used together.
 --> tests/ui/de-container-attr-from-and-try-from-on-single-line.rs:4:10
  |
4 | #[deserr(from(String) = usize::FromStr, try_from(String) = String::parse -> usize)]
  |          ^^^^
